// Vitest Snapshot v1, https://vitest.dev/guide/snapshot.html

exports[`skill and command projection parity > records every line that differs between the two projections of each workflow 1`] = `
{
  "apply": {
    "commandOnly": [
      "**Input**: Optionally specify a change name (e.g., \`/sp:apply add-auth\`). If omitted, check if it can be inferred from conversation context. If vague or ambiguous you MUST prompt for available changes.",
      "   - If \`state: "blocked"\` (missing artifacts): show message, suggest using \`/sp:continue\`",
    ],
    "skillOnly": [
      "**Input**: Optionally specify a change name. If omitted, check if it can be inferred from conversation context. If vague or ambiguous you MUST prompt for available changes.",
      "   - If \`state: "blocked"\` (missing artifacts): show message, suggest using superpowers-continue-change",
    ],
  },
  "archive": {
    "commandOnly": [
      "**Input**: Optionally specify a change name after \`/sp:archive\` (e.g., \`/sp:archive add-auth\`). If omitted, check if it can be inferred from conversation context. If vague or ambiguous you MUST prompt for available changes.",
    ],
    "skillOnly": [
      "**Input**: Optionally specify a change name. If omitted, check if it can be inferred from conversation context. If vague or ambiguous you MUST prompt for available changes.",
    ],
  },
  "bulk-archive": {
    "commandOnly": [],
    "skillOnly": [],
  },
  "continue": {
    "commandOnly": [
      "**Input**: Optionally specify a change name after \`/sp:continue\` (e.g., \`/sp:continue add-auth\`). If omitted, check if it can be inferred from conversation context. If vague or ambiguous you MUST prompt for available changes.",
      "   - Suggest: "All artifacts created! You can now implement this change with \`/sp:apply\` or archive it with \`/sp:archive\`."",
      "- Prompt: "Run \`/sp:continue\` to create the next artifact"",
    ],
    "skillOnly": [
      "**Input**: Optionally specify a change name. If omitted, check if it can be inferred from conversation context. If vague or ambiguous you MUST prompt for available changes.",
      "   - Suggest: "All artifacts created! You can now implement this change or archive it."",
      "- Prompt: "Want to continue? Just ask me to continue or tell me what to do next."",
    ],
  },
  "design-verify": {
    "commandOnly": [],
    "skillOnly": [],
  },
  "explore": {
    "commandOnly": [
      "**Input**: The argument after \`/sp:explore\` is whatever the user wants to think about. Could be:",
      "- A vague idea: "real-time collaboration"",
      "- A specific problem: "the auth system is getting unwieldy"",
      "- A change name: "add-dark-mode" (to explore in context of that change)",
      "- A comparison: "postgres vs sqlite for this"",
      "- Nothing (just enter explore mode)",
    ],
    "skillOnly": [
      "## Handling Different Entry Points",
      "**User brings a vague idea:**",
      "User: I'm thinking about adding real-time collaboration",
      "You: Real-time collab is a big space. Let me think about this...",
      "      COLLABORATION SPECTRUM",
      "      ════════════════════════════════════════════",
      "      Awareness          Coordination         Sync",
      "          │                   │                 │",
      "          ▼                   ▼                 ▼",
      "      ┌────────┐         ┌────────┐        ┌────────┐",
      "      │Presence│         │Cursors │        │  CRDT  │",
      "      │  "3    │         │ Multi  │        │Conflict│",
      "      │online" │         │ select │        │  free  │",
      "      └────────┘         └────────┘        └────────┘",
      "          │                   │                 │",
      "       trivial            moderate           complex",
      "      Where's your head at?",
      "**User brings a specific problem:**",
      "\`\`\`",
      "User: The auth system is a mess",
      "You: [reads codebase]",
      "     ┌─────────────────────────────────────────────┐",
      "     │              CURRENT AUTH FLOW              │",
      "     └─────────────────────────────────────────────┘",
      "                        │",
      "          ┌─────────────┼─────────────┐",
      "          ▼             ▼             ▼",
      "     ┌─────────┐  ┌─────────┐  ┌─────────┐",
      "     │ Google  │  │  GitHub │  │  Email  │",
      "     │  OAuth  │  │  OAuth  │  │  Magic  │",
      "     └────┬────┘  └────┬────┘  └────┬────┘",
      "          │             │             │",
      "          └─────────────┼─────────────┘",
      "                        ▼",
      "                  ┌───────────┐",
      "                  │  Session  │",
      "                  └─────┬─────┘",
      "                        │",
      "                        ▼",
      "                  ┌───────────┐",
      "                  │   Perms   │",
      "                  └───────────┘",
      "     I see three tangles. Which one's burning?",
      "\`\`\`",
      "**User is stuck mid-implementation:**",
      "\`\`\`",
      "User: /sp:explore add-auth-system",
      "      The OAuth integration is more complex than expected",
      "You: [reads change artifacts]",
      "     You're on task 4: "Implement OAuth flow"",
      "     Let me trace what's involved...",
      "     [draws diagram, explores options, suggests paths]",
      "     Want to update the design to reflect this?",
      "     Or add a spike task to investigate?",
      "\`\`\`",
      "**User wants to compare options:**",
      "\`\`\`",
      "User: Should we use Postgres or SQLite?",
      "You: Generic answer is boring. What's the context?",
      "User: A CLI tool that tracks local dev environments",
      "You: That changes everything.",
      "     ┌─────────────────────────────────────────────────┐",
      "     │         CLI TOOL DATA STORAGE                  │",
      "     └─────────────────────────────────────────────────┘",
      "     Key constraints:",
      "     • No daemon running",
      "     • Must work offline",
      "     • Single user",
      "                  SQLite          Postgres",
      "     Deployment   embedded ✓      needs server ✗",
      "     Offline      yes ✓           no ✗",
      "     Single file  yes ✓           no ✗",
      "     SQLite. Not even close.",
      "     Unless... is there a sync component?",
      "\`\`\`",
      "\`\`\`",
      "\`\`\`",
      "---",
    ],
  },
  "ff": {
    "commandOnly": [
      "Fast-forward through artifact creation - generate everything needed to start implementation.",
      "**Input**: The argument after \`/sp:ff\` is the change name (kebab-case), OR a description of what the user wants to build.",
      "1. **If no input provided, ask what they want to build**",
      "- Prompt: "Run \`/sp:apply\` to start implementing."",
      "- If a change with that name already exists, ask if user wants to continue it or create a new one",
    ],
    "skillOnly": [
      "Fast-forward through artifact creation - generate everything needed to start implementation in one go.",
      "**Input**: The user's request should include a change name (kebab-case) OR a description of what they want to build.",
      "1. **If no clear input provided, ask what they want to build**",
      "- Prompt: "Run \`/sp:apply\` or ask me to implement to start working on the tasks."",
      "- If a change with that name already exists, suggest continuing that change instead",
    ],
  },
  "new": {
    "commandOnly": [
      "**Input**: The argument after \`/sp:new\` is the change name (kebab-case), OR a description of what the user wants to build.",
      "1. **If no input provided, ask what they want to build**",
      "   The first artifact depends on the schema. Check the status output to find the first artifact with status "ready".",
      "- Prompt: "Ready to create the first artifact? Run \`/sp:continue\` or just describe what this change is about and I'll draft it."",
      "- If a change with that name already exists, suggest using \`/sp:continue\` instead",
    ],
    "skillOnly": [
      "**Input**: The user's request should include a change name (kebab-case) OR a description of what they want to build.",
      "1. **If no clear input provided, ask what they want to build**",
      "   The first artifact depends on the schema (e.g., \`proposal\` for spec-driven).",
      "   Check the status output to find the first artifact with status "ready".",
      "- Prompt: "Ready to create the first artifact? Just describe what this change is about and I'll draft it, or ask me to continue."",
      "- If a change with that name already exists, suggest continuing that change instead",
    ],
  },
  "onboard": {
    "commandOnly": [],
    "skillOnly": [],
  },
  "propose": {
    "commandOnly": [
      "- execution-plan.md (dispatch-unit coordination and final validation plan)",
      "**Input**: The argument after \`/sp:propose\` is the change name (kebab-case), OR a description of what the user wants to build.",
      "1. **If no input provided, ask what they want to build**",
      "- Prompt: "Run \`/sp:apply\` to start implementing."",
    ],
    "skillOnly": [
      "- execution-plan.md (detailed implementation plan)",
      "**Input**: The user's request should include a change name (kebab-case) OR a description of what they want to build.",
      "1. **If no clear input provided, ask what they want to build**",
      "- Prompt: "Run \`/sp:apply\` or ask me to implement to start working on the tasks."",
    ],
  },
  "review": {
    "commandOnly": [
      "Use this command as \`/sp:review <change>\` to manually review a complete Superpowers proposal.",
    ],
    "skillOnly": [],
  },
  "shape-review": {
    "commandOnly": [],
    "skillOnly": [],
  },
  "simplify": {
    "commandOnly": [],
    "skillOnly": [],
  },
  "sync": {
    "commandOnly": [
      "**Input**: Optionally specify a change name after \`/sp:sync\` (e.g., \`/sp:sync add-auth\`). If omitted, check if it can be inferred from conversation context. If vague or ambiguous you MUST prompt for available changes.",
    ],
    "skillOnly": [
      "**Input**: Optionally specify a change name. If omitted, check if it can be inferred from conversation context. If vague or ambiguous you MUST prompt for available changes.",
    ],
  },
  "verify": {
    "commandOnly": [
      "**Input**: Optionally specify a change name after \`/sp:verify\` (e.g., \`/sp:verify add-auth\`). If omitted, check if it can be inferred from conversation context. If vague or ambiguous you MUST prompt for available changes.",
    ],
    "skillOnly": [
      "**Input**: Optionally specify a change name. If omitted, check if it can be inferred from conversation context. If vague or ambiguous you MUST prompt for available changes.",
    ],
  },
}
`;
